// Jest Snapshot v1, https://goo.gl/fbAQLP

exports[`<Home /> should render the Home 1`] = `
<div
  class="flex flex-col justify-center items-center py-24 h-full text-neutral-dark-city"
>
  <img
    alt="BLiP"
    class="App-logo h-32"
    src="[object Object]"
  />
  <div
    class="mt-4"
  >
    <p
      class="text-center"
    >
      paragraph.homeDescription.part1
    </p>
    <p
      class="text-center"
    >
      Edit 
      <code>
        src/pages/Home.js
      </code>
       and save to reload.
    </p>
  </div>
</div>
`;
